node : file:///c:/Users/admin/
Documents/liquide/tmp/test_pri
ce.js:1
At line:1 char:1
+ node c:\Users\admin\Document
s\liquide\tmp\test_price.js > 
c:\Users\ad ...
+ ~~~~~~~~~~~~~~~~~~~~~~~~~~~~
~~~~~~~~~~~~~~~~~~~~~~~~~~~~~~
~~~~~~~~~~~
    + CategoryInfo          : 
    NotSpecified: (file:///c  
  :/User...test_price.js:1:   
 String) [], RemoteExcepti    
on
    + FullyQualifiedErrorId : 
    NativeCommandError
 
const axios = 
require('axios');
              ^

ReferenceError: require is 
not defined in ES module 
scope, you can use import 
instead
This file is being treated as 
an ES module because it has a 
'.js' file extension and 'c:\U
sers\admin\Documents\liquide\p
ackage.json' contains "type": 
"module". To treat it as a 
CommonJS script, rename it to 
use the '.cjs' file extension.
    at file:///c:/Users/admin/
Documents/liquide/tmp/test_pri
ce.js:1:15
    at ModuleJob.run (node:int
ernal/modules/esm/module_job:3
43:25)
    at async onImport.tracePro
mise.__proto__ (node:internal/
modules/esm/loader:647:26)
    at async asyncRunEntryPoin
tWithESMLoader (node:internal/
modules/run_main:117:5)

Node.js v22.18.0
